<?xml version="1.0" encoding="UTF-8"?>
<testsuites name="jest tests" tests="10" failures="7" errors="0" time="28.615">
  <testsuite name="undefined" errors="0" failures="7" skipped="0" timestamp="2023-11-30T16:58:02" time="17.257" tests="10">
    <testcase classname=" 1. Should display initial UI" name=" 1. Should display initial UI" time="0.503">
    </testcase>
    <testcase classname=" 2. form validation - invalid" name=" 2. form validation - invalid" time="0.188">
    </testcase>
    <testcase classname=" 3. form validation - valid add btn" name=" 3. form validation - valid add btn" time="0.133">
      <failure>Error: expect(received).toEqual(expected) // deep equality

Expected: &quot;&quot;
Received: &quot;Topic is required&quot;
    at Object.&lt;anonymous&gt; (/home/sarava338/sarava-338/agenda-maker/src/test/App.test.jsx:107:37)
    at Promise.then.completed (/home/sarava338/sarava-338/agenda-maker/node_modules/react-scripts/node_modules/jest-circus/build/utils.js:391:28)
    at new Promise (&lt;anonymous&gt;)
    at callAsyncCircusFn (/home/sarava338/sarava-338/agenda-maker/node_modules/react-scripts/node_modules/jest-circus/build/utils.js:316:10)
    at _callCircusTest (/home/sarava338/sarava-338/agenda-maker/node_modules/react-scripts/node_modules/jest-circus/build/run.js:218:40)
    at _runTest (/home/sarava338/sarava-338/agenda-maker/node_modules/react-scripts/node_modules/jest-circus/build/run.js:155:3)
    at _runTestsForDescribeBlock (/home/sarava338/sarava-338/agenda-maker/node_modules/react-scripts/node_modules/jest-circus/build/run.js:66:9)
    at run (/home/sarava338/sarava-338/agenda-maker/node_modules/react-scripts/node_modules/jest-circus/build/run.js:25:3)
    at runAndTransformResultsToJestFormat (/home/sarava338/sarava-338/agenda-maker/node_modules/react-scripts/node_modules/jest-circus/build/legacy-code-todo-rewrite/jestAdapterInit.js:170:21)
    at jestAdapter (/home/sarava338/sarava-338/agenda-maker/node_modules/react-scripts/node_modules/jest-circus/build/legacy-code-todo-rewrite/jestAdapter.js:82:19)
    at runTestInternal (/home/sarava338/sarava-338/agenda-maker/node_modules/react-scripts/node_modules/jest-runner/build/runTest.js:389:16)
    at runTest (/home/sarava338/sarava-338/agenda-maker/node_modules/react-scripts/node_modules/jest-runner/build/runTest.js:475:34)
    at TestRunner.runTests (/home/sarava338/sarava-338/agenda-maker/node_modules/react-scripts/node_modules/jest-runner/build/index.js:101:12)
    at TestScheduler.scheduleTests (/home/sarava338/sarava-338/agenda-maker/node_modules/react-scripts/node_modules/@jest/core/build/TestScheduler.js:333:13)
    at runJest (/home/sarava338/sarava-338/agenda-maker/node_modules/react-scripts/node_modules/@jest/core/build/runJest.js:404:19)
    at _run10000 (/home/sarava338/sarava-338/agenda-maker/node_modules/react-scripts/node_modules/@jest/core/build/cli/index.js:320:7)
    at runCLI (/home/sarava338/sarava-338/agenda-maker/node_modules/react-scripts/node_modules/@jest/core/build/cli/index.js:173:3)
    at Object.run (/home/sarava338/sarava-338/agenda-maker/node_modules/react-scripts/node_modules/jest-cli/build/cli/index.js:155:37)</failure>
    </testcase>
    <testcase classname=" 4. form validation - invalid submit" name=" 4. form validation - invalid submit" time="0.064">
      <failure>Error: expect(received).toEqual(expected) // deep equality

Expected: &quot;&quot;
Received: &quot;Title is required&quot;
    at Object.&lt;anonymous&gt; (/home/sarava338/sarava-338/agenda-maker/src/test/App.test.jsx:115:37)
    at Promise.then.completed (/home/sarava338/sarava-338/agenda-maker/node_modules/react-scripts/node_modules/jest-circus/build/utils.js:391:28)
    at new Promise (&lt;anonymous&gt;)
    at callAsyncCircusFn (/home/sarava338/sarava-338/agenda-maker/node_modules/react-scripts/node_modules/jest-circus/build/utils.js:316:10)
    at _callCircusTest (/home/sarava338/sarava-338/agenda-maker/node_modules/react-scripts/node_modules/jest-circus/build/run.js:218:40)
    at _runTest (/home/sarava338/sarava-338/agenda-maker/node_modules/react-scripts/node_modules/jest-circus/build/run.js:155:3)
    at _runTestsForDescribeBlock (/home/sarava338/sarava-338/agenda-maker/node_modules/react-scripts/node_modules/jest-circus/build/run.js:66:9)
    at run (/home/sarava338/sarava-338/agenda-maker/node_modules/react-scripts/node_modules/jest-circus/build/run.js:25:3)
    at runAndTransformResultsToJestFormat (/home/sarava338/sarava-338/agenda-maker/node_modules/react-scripts/node_modules/jest-circus/build/legacy-code-todo-rewrite/jestAdapterInit.js:170:21)
    at jestAdapter (/home/sarava338/sarava-338/agenda-maker/node_modules/react-scripts/node_modules/jest-circus/build/legacy-code-todo-rewrite/jestAdapter.js:82:19)
    at runTestInternal (/home/sarava338/sarava-338/agenda-maker/node_modules/react-scripts/node_modules/jest-runner/build/runTest.js:389:16)
    at runTest (/home/sarava338/sarava-338/agenda-maker/node_modules/react-scripts/node_modules/jest-runner/build/runTest.js:475:34)
    at TestRunner.runTests (/home/sarava338/sarava-338/agenda-maker/node_modules/react-scripts/node_modules/jest-runner/build/index.js:101:12)
    at TestScheduler.scheduleTests (/home/sarava338/sarava-338/agenda-maker/node_modules/react-scripts/node_modules/@jest/core/build/TestScheduler.js:333:13)
    at runJest (/home/sarava338/sarava-338/agenda-maker/node_modules/react-scripts/node_modules/@jest/core/build/runJest.js:404:19)
    at _run10000 (/home/sarava338/sarava-338/agenda-maker/node_modules/react-scripts/node_modules/@jest/core/build/cli/index.js:320:7)
    at runCLI (/home/sarava338/sarava-338/agenda-maker/node_modules/react-scripts/node_modules/@jest/core/build/cli/index.js:173:3)
    at Object.run (/home/sarava338/sarava-338/agenda-maker/node_modules/react-scripts/node_modules/jest-cli/build/cli/index.js:155:37)</failure>
    </testcase>
    <testcase classname=" 5. form validation - valid submit" name=" 5. form validation - valid submit" time="0.062">
      <failure>Error: expect(received).toEqual(expected) // deep equality

Expected: &quot;&quot;
Received: &quot;Title is required&quot;
    at Object.&lt;anonymous&gt; (/home/sarava338/sarava-338/agenda-maker/src/test/App.test.jsx:129:37)
    at Promise.then.completed (/home/sarava338/sarava-338/agenda-maker/node_modules/react-scripts/node_modules/jest-circus/build/utils.js:391:28)
    at new Promise (&lt;anonymous&gt;)
    at callAsyncCircusFn (/home/sarava338/sarava-338/agenda-maker/node_modules/react-scripts/node_modules/jest-circus/build/utils.js:316:10)
    at _callCircusTest (/home/sarava338/sarava-338/agenda-maker/node_modules/react-scripts/node_modules/jest-circus/build/run.js:218:40)
    at _runTest (/home/sarava338/sarava-338/agenda-maker/node_modules/react-scripts/node_modules/jest-circus/build/run.js:155:3)
    at _runTestsForDescribeBlock (/home/sarava338/sarava-338/agenda-maker/node_modules/react-scripts/node_modules/jest-circus/build/run.js:66:9)
    at run (/home/sarava338/sarava-338/agenda-maker/node_modules/react-scripts/node_modules/jest-circus/build/run.js:25:3)
    at runAndTransformResultsToJestFormat (/home/sarava338/sarava-338/agenda-maker/node_modules/react-scripts/node_modules/jest-circus/build/legacy-code-todo-rewrite/jestAdapterInit.js:170:21)
    at jestAdapter (/home/sarava338/sarava-338/agenda-maker/node_modules/react-scripts/node_modules/jest-circus/build/legacy-code-todo-rewrite/jestAdapter.js:82:19)
    at runTestInternal (/home/sarava338/sarava-338/agenda-maker/node_modules/react-scripts/node_modules/jest-runner/build/runTest.js:389:16)
    at runTest (/home/sarava338/sarava-338/agenda-maker/node_modules/react-scripts/node_modules/jest-runner/build/runTest.js:475:34)
    at TestRunner.runTests (/home/sarava338/sarava-338/agenda-maker/node_modules/react-scripts/node_modules/jest-runner/build/index.js:101:12)
    at TestScheduler.scheduleTests (/home/sarava338/sarava-338/agenda-maker/node_modules/react-scripts/node_modules/@jest/core/build/TestScheduler.js:333:13)
    at runJest (/home/sarava338/sarava-338/agenda-maker/node_modules/react-scripts/node_modules/@jest/core/build/runJest.js:404:19)
    at _run10000 (/home/sarava338/sarava-338/agenda-maker/node_modules/react-scripts/node_modules/@jest/core/build/cli/index.js:320:7)
    at runCLI (/home/sarava338/sarava-338/agenda-maker/node_modules/react-scripts/node_modules/@jest/core/build/cli/index.js:173:3)
    at Object.run (/home/sarava338/sarava-338/agenda-maker/node_modules/react-scripts/node_modules/jest-cli/build/cli/index.js:155:37)</failure>
    </testcase>
    <testcase classname=" 6. toggle view check" name=" 6. toggle view check" time="0.483">
    </testcase>
    <testcase classname=" 7. check form inputs" name=" 7. check form inputs" time="0.137">
      <failure>TypeError: Cannot read properties of undefined (reading &apos;textContent&apos;)
    at Object.&lt;anonymous&gt; (/home/sarava338/sarava-338/agenda-maker/src/test/App.test.jsx:161:18)
    at Promise.then.completed (/home/sarava338/sarava-338/agenda-maker/node_modules/react-scripts/node_modules/jest-circus/build/utils.js:391:28)
    at new Promise (&lt;anonymous&gt;)
    at callAsyncCircusFn (/home/sarava338/sarava-338/agenda-maker/node_modules/react-scripts/node_modules/jest-circus/build/utils.js:316:10)
    at _callCircusTest (/home/sarava338/sarava-338/agenda-maker/node_modules/react-scripts/node_modules/jest-circus/build/run.js:218:40)
    at runNextTicks (node:internal/process/task_queues:60:5)
    at listOnTimeout (node:internal/timers:533:9)
    at processTimers (node:internal/timers:507:7)
    at _runTest (/home/sarava338/sarava-338/agenda-maker/node_modules/react-scripts/node_modules/jest-circus/build/run.js:155:3)
    at _runTestsForDescribeBlock (/home/sarava338/sarava-338/agenda-maker/node_modules/react-scripts/node_modules/jest-circus/build/run.js:66:9)
    at run (/home/sarava338/sarava-338/agenda-maker/node_modules/react-scripts/node_modules/jest-circus/build/run.js:25:3)
    at runAndTransformResultsToJestFormat (/home/sarava338/sarava-338/agenda-maker/node_modules/react-scripts/node_modules/jest-circus/build/legacy-code-todo-rewrite/jestAdapterInit.js:170:21)
    at jestAdapter (/home/sarava338/sarava-338/agenda-maker/node_modules/react-scripts/node_modules/jest-circus/build/legacy-code-todo-rewrite/jestAdapter.js:82:19)
    at runTestInternal (/home/sarava338/sarava-338/agenda-maker/node_modules/react-scripts/node_modules/jest-runner/build/runTest.js:389:16)
    at runTest (/home/sarava338/sarava-338/agenda-maker/node_modules/react-scripts/node_modules/jest-runner/build/runTest.js:475:34)
    at TestRunner.runTests (/home/sarava338/sarava-338/agenda-maker/node_modules/react-scripts/node_modules/jest-runner/build/index.js:101:12)
    at TestScheduler.scheduleTests (/home/sarava338/sarava-338/agenda-maker/node_modules/react-scripts/node_modules/@jest/core/build/TestScheduler.js:333:13)
    at runJest (/home/sarava338/sarava-338/agenda-maker/node_modules/react-scripts/node_modules/@jest/core/build/runJest.js:404:19)
    at _run10000 (/home/sarava338/sarava-338/agenda-maker/node_modules/react-scripts/node_modules/@jest/core/build/cli/index.js:320:7)
    at runCLI (/home/sarava338/sarava-338/agenda-maker/node_modules/react-scripts/node_modules/@jest/core/build/cli/index.js:173:3)
    at Object.run (/home/sarava338/sarava-338/agenda-maker/node_modules/react-scripts/node_modules/jest-cli/build/cli/index.js:155:37)</failure>
    </testcase>
    <testcase classname=" 8. check view Agenda" name=" 8. check view Agenda" time="0.171">
      <failure>TestingLibraryElementError: Found multiple elements with the role &quot;cards&quot;

Here are the matching elements:

Ignored nodes: comments, script, style
&lt;div
  class=&quot;card my-3&quot;
  role=&quot;cards&quot;
&gt;
  &lt;div
    class=&quot;card-header&quot;
  &gt;
    Angular
  &lt;/div&gt;
  &lt;div
    class=&quot;card-body&quot;
  &gt;
    &lt;ul
      class=&quot;list-group&quot;
    &gt;
      &lt;li
        class=&quot;list-group-item&quot;
      &gt;
        Introduction
      &lt;/li&gt;
      &lt;li
        class=&quot;list-group-item&quot;
      &gt;
        Typescript
      &lt;/li&gt;
      &lt;li
        class=&quot;list-group-item&quot;
      &gt;
        Why Angular?
      &lt;/li&gt;
      &lt;li
        class=&quot;list-group-item&quot;
      &gt;
        Understanding Versions
      &lt;/li&gt;
      &lt;li
        class=&quot;list-group-item&quot;
      &gt;
        Fundmentals
      &lt;/li&gt;
    &lt;/ul&gt;
  &lt;/div&gt;
  &lt;div
    class=&quot;card-footer&quot;
  &gt;
    Some description about the angular
  &lt;/div&gt;
&lt;/div&gt;

Ignored nodes: comments, script, style
&lt;div
  class=&quot;card my-3&quot;
  role=&quot;cards&quot;
&gt;
  &lt;div
    class=&quot;card-header&quot;
  &gt;
    Vue
  &lt;/div&gt;
  &lt;div
    class=&quot;card-body&quot;
  &gt;
    &lt;ul
      class=&quot;list-group&quot;
    &gt;
      &lt;li
        class=&quot;list-group-item&quot;
      &gt;
        Introduction
      &lt;/li&gt;
      &lt;li
        class=&quot;list-group-item&quot;
      &gt;
        Javascript
      &lt;/li&gt;
      &lt;li
        class=&quot;list-group-item&quot;
      &gt;
        Why vue?
      &lt;/li&gt;
      &lt;li
        class=&quot;list-group-item&quot;
      &gt;
        Vue Bindings
      &lt;/li&gt;
      &lt;li
        class=&quot;list-group-item&quot;
      &gt;
        Component Interaction
      &lt;/li&gt;
    &lt;/ul&gt;
  &lt;/div&gt;
  &lt;div
    class=&quot;card-footer&quot;
  &gt;
    Some description about the vue
  &lt;/div&gt;
&lt;/div&gt;

(If this is intentional, then use the `*AllBy*` variant of the query (like `queryAllByText`, `getAllByText`, or `findAllByText`)).

Ignored nodes: comments, script, style
&lt;body&gt;
  &lt;div&gt;
    &lt;div&gt;
      &lt;h1
        class=&quot;mx-5 mb-5&quot;
      &gt;
        Agenda Manager
      &lt;/h1&gt;
      &lt;div
        class=&quot;container&quot;
        role=&quot;viewAgenda&quot;
      &gt;
        &lt;button
          class=&quot;btn btn-info&quot;
          role=&quot;goToAdd&quot;
        &gt;
          Click to Add Agenda
        &lt;/button&gt;
        &lt;div
          class=&quot;card my-3&quot;
          role=&quot;cards&quot;
        &gt;
          &lt;div
            class=&quot;card-header&quot;
          &gt;
            Angular
          &lt;/div&gt;
          &lt;div
            class=&quot;card-body&quot;
          &gt;
            &lt;ul
              class=&quot;list-group&quot;
            &gt;
              &lt;li
                class=&quot;list-group-item&quot;
              &gt;
                Introduction
              &lt;/li&gt;
              &lt;li
                class=&quot;list-group-item&quot;
              &gt;
                Typescript
              &lt;/li&gt;
              &lt;li
                class=&quot;list-group-item&quot;
              &gt;
                Why Angular?
              &lt;/li&gt;
              &lt;li
                class=&quot;list-group-item&quot;
              &gt;
                Understanding Versions
              &lt;/li&gt;
              &lt;li
                class=&quot;list-group-item&quot;
              &gt;
                Fundmentals
              &lt;/li&gt;
            &lt;/ul&gt;
          &lt;/div&gt;
          &lt;div
            class=&quot;card-footer&quot;
          &gt;
            Some description about the angular
          &lt;/div&gt;
        &lt;/div&gt;
        &lt;div
          class=&quot;card my-3&quot;
          role=&quot;cards&quot;
        &gt;
          &lt;div
            class=&quot;card-header&quot;
          &gt;
            Vue
          &lt;/div&gt;
          &lt;div
            class=&quot;card-body&quot;
          &gt;
            &lt;ul
              class=&quot;list-group&quot;
            &gt;
              &lt;li
                class=&quot;list-group-item&quot;
              &gt;
                Introduction
              &lt;/li&gt;
              &lt;li
                class=&quot;list-group-item&quot;
              &gt;
                Javascript
              &lt;/li&gt;
              &lt;li
                class=&quot;list-group-item&quot;
              &gt;
                Why vue?
              &lt;/li&gt;
              &lt;li
                class=&quot;list-group-item&quot;
              &gt;
                Vue Bindings
              &lt;/li&gt;
              &lt;li
                class=&quot;list-group-item&quot;
              &gt;
                Component Interaction
              &lt;/li&gt;
            &lt;/ul&gt;
          &lt;/div&gt;
          &lt;div
            class=&quot;card-footer&quot;
          &gt;
            Some description about the vue
          &lt;/div&gt;
        &lt;/div&gt;
      &lt;/div&gt;
    &lt;/div&gt;
  &lt;/div&gt;
&lt;/body&gt;
    at Object.getElementError (/home/sarava338/sarava-338/agenda-maker/node_modules/@testing-library/dom/dist/config.js:37:19)
    at getElementError (/home/sarava338/sarava-338/agenda-maker/node_modules/@testing-library/dom/dist/query-helpers.js:20:35)
    at getMultipleElementsFoundError (/home/sarava338/sarava-338/agenda-maker/node_modules/@testing-library/dom/dist/query-helpers.js:23:10)
    at /home/sarava338/sarava-338/agenda-maker/node_modules/@testing-library/dom/dist/query-helpers.js:55:13
    at queryByRole (/home/sarava338/sarava-338/agenda-maker/node_modules/@testing-library/dom/dist/query-helpers.js:95:19)
    at Object.&lt;anonymous&gt; (/home/sarava338/sarava-338/agenda-maker/src/test/App.test.jsx:178:23)
    at runNextTicks (node:internal/process/task_queues:60:5)
    at listOnTimeout (node:internal/timers:533:9)
    at processTimers (node:internal/timers:507:7)</failure>
    </testcase>
    <testcase classname=" 9. add and view agenda - 1" name=" 9. add and view agenda - 1" time="0.351">
      <failure>TestingLibraryElementError: Found multiple elements with the role &quot;cards&quot;

Here are the matching elements:

Ignored nodes: comments, script, style
&lt;div
  class=&quot;card my-3&quot;
  role=&quot;cards&quot;
&gt;
  &lt;div
    class=&quot;card-header&quot;
  &gt;
    Angular
  &lt;/div&gt;
  &lt;div
    class=&quot;card-body&quot;
  &gt;
    &lt;ul
      class=&quot;list-group&quot;
    &gt;
      &lt;li
        class=&quot;list-group-item&quot;
      &gt;
        Introduction
      &lt;/li&gt;
      &lt;li
        class=&quot;list-group-item&quot;
      &gt;
        Typescript
      &lt;/li&gt;
      &lt;li
        class=&quot;list-group-item&quot;
      &gt;
        Why Angular?
      &lt;/li&gt;
      &lt;li
        class=&quot;list-group-item&quot;
      &gt;
        Understanding Versions
      &lt;/li&gt;
      &lt;li
        class=&quot;list-group-item&quot;
      &gt;
        Fundmentals
      &lt;/li&gt;
    &lt;/ul&gt;
  &lt;/div&gt;
  &lt;div
    class=&quot;card-footer&quot;
  &gt;
    Some description about the angular
  &lt;/div&gt;
&lt;/div&gt;

Ignored nodes: comments, script, style
&lt;div
  class=&quot;card my-3&quot;
  role=&quot;cards&quot;
&gt;
  &lt;div
    class=&quot;card-header&quot;
  &gt;
    Vue
  &lt;/div&gt;
  &lt;div
    class=&quot;card-body&quot;
  &gt;
    &lt;ul
      class=&quot;list-group&quot;
    &gt;
      &lt;li
        class=&quot;list-group-item&quot;
      &gt;
        Introduction
      &lt;/li&gt;
      &lt;li
        class=&quot;list-group-item&quot;
      &gt;
        Javascript
      &lt;/li&gt;
      &lt;li
        class=&quot;list-group-item&quot;
      &gt;
        Why vue?
      &lt;/li&gt;
      &lt;li
        class=&quot;list-group-item&quot;
      &gt;
        Vue Bindings
      &lt;/li&gt;
      &lt;li
        class=&quot;list-group-item&quot;
      &gt;
        Component Interaction
      &lt;/li&gt;
    &lt;/ul&gt;
  &lt;/div&gt;
  &lt;div
    class=&quot;card-footer&quot;
  &gt;
    Some description about the vue
  &lt;/div&gt;
&lt;/div&gt;

(If this is intentional, then use the `*AllBy*` variant of the query (like `queryAllByText`, `getAllByText`, or `findAllByText`)).

Ignored nodes: comments, script, style
&lt;body&gt;
  &lt;div&gt;
    &lt;div&gt;
      &lt;h1
        class=&quot;mx-5 mb-5&quot;
      &gt;
        Agenda Manager
      &lt;/h1&gt;
      &lt;div
        class=&quot;container&quot;
        role=&quot;viewAgenda&quot;
      &gt;
        &lt;button
          class=&quot;btn btn-info&quot;
          role=&quot;goToAdd&quot;
        &gt;
          Click to Add Agenda
        &lt;/button&gt;
        &lt;div
          class=&quot;card my-3&quot;
          role=&quot;cards&quot;
        &gt;
          &lt;div
            class=&quot;card-header&quot;
          &gt;
            Angular
          &lt;/div&gt;
          &lt;div
            class=&quot;card-body&quot;
          &gt;
            &lt;ul
              class=&quot;list-group&quot;
            &gt;
              &lt;li
                class=&quot;list-group-item&quot;
              &gt;
                Introduction
              &lt;/li&gt;
              &lt;li
                class=&quot;list-group-item&quot;
              &gt;
                Typescript
              &lt;/li&gt;
              &lt;li
                class=&quot;list-group-item&quot;
              &gt;
                Why Angular?
              &lt;/li&gt;
              &lt;li
                class=&quot;list-group-item&quot;
              &gt;
                Understanding Versions
              &lt;/li&gt;
              &lt;li
                class=&quot;list-group-item&quot;
              &gt;
                Fundmentals
              &lt;/li&gt;
            &lt;/ul&gt;
          &lt;/div&gt;
          &lt;div
            class=&quot;card-footer&quot;
          &gt;
            Some description about the angular
          &lt;/div&gt;
        &lt;/div&gt;
        &lt;div
          class=&quot;card my-3&quot;
          role=&quot;cards&quot;
        &gt;
          &lt;div
            class=&quot;card-header&quot;
          &gt;
            Vue
          &lt;/div&gt;
          &lt;div
            class=&quot;card-body&quot;
          &gt;
            &lt;ul
              class=&quot;list-group&quot;
            &gt;
              &lt;li
                class=&quot;list-group-item&quot;
              &gt;
                Introduction
              &lt;/li&gt;
              &lt;li
                class=&quot;list-group-item&quot;
              &gt;
                Javascript
              &lt;/li&gt;
              &lt;li
                class=&quot;list-group-item&quot;
              &gt;
                Why vue?
              &lt;/li&gt;
              &lt;li
                class=&quot;list-group-item&quot;
              &gt;
                Vue Bindings
              &lt;/li&gt;
              &lt;li
                class=&quot;list-group-item&quot;
              &gt;
                Component Interaction
              &lt;/li&gt;
            &lt;/ul&gt;
          &lt;/div&gt;
          &lt;div
            class=&quot;card-footer&quot;
          &gt;
            Some description about the vue
          &lt;/div&gt;
        &lt;/div&gt;
      &lt;/div&gt;
    &lt;/div&gt;
  &lt;/div&gt;
&lt;/body&gt;
    at Object.getElementError (/home/sarava338/sarava-338/agenda-maker/node_modules/@testing-library/dom/dist/config.js:37:19)
    at getElementError (/home/sarava338/sarava-338/agenda-maker/node_modules/@testing-library/dom/dist/query-helpers.js:20:35)
    at getMultipleElementsFoundError (/home/sarava338/sarava-338/agenda-maker/node_modules/@testing-library/dom/dist/query-helpers.js:23:10)
    at /home/sarava338/sarava-338/agenda-maker/node_modules/@testing-library/dom/dist/query-helpers.js:55:13
    at queryByRole (/home/sarava338/sarava-338/agenda-maker/node_modules/@testing-library/dom/dist/query-helpers.js:95:19)
    at Object.&lt;anonymous&gt; (/home/sarava338/sarava-338/agenda-maker/src/test/App.test.jsx:203:23)
    at runNextTicks (node:internal/process/task_queues:60:5)
    at listOnTimeout (node:internal/timers:533:9)
    at processTimers (node:internal/timers:507:7)</failure>
    </testcase>
    <testcase classname=" 10. add and view agenda - 2" name=" 10. add and view agenda - 2" time="0.527">
      <failure>TestingLibraryElementError: Found multiple elements with the role &quot;cards&quot;

Here are the matching elements:

Ignored nodes: comments, script, style
&lt;div
  class=&quot;card my-3&quot;
  role=&quot;cards&quot;
&gt;
  &lt;div
    class=&quot;card-header&quot;
  &gt;
    Angular
  &lt;/div&gt;
  &lt;div
    class=&quot;card-body&quot;
  &gt;
    &lt;ul
      class=&quot;list-group&quot;
    &gt;
      &lt;li
        class=&quot;list-group-item&quot;
      &gt;
        Introduction
      &lt;/li&gt;
      &lt;li
        class=&quot;list-group-item&quot;
      &gt;
        Typescript
      &lt;/li&gt;
      &lt;li
        class=&quot;list-group-item&quot;
      &gt;
        Why Angular?
      &lt;/li&gt;
      &lt;li
        class=&quot;list-group-item&quot;
      &gt;
        Understanding Versions
      &lt;/li&gt;
      &lt;li
        class=&quot;list-group-item&quot;
      &gt;
        Fundmentals
      &lt;/li&gt;
    &lt;/ul&gt;
  &lt;/div&gt;
  &lt;div
    class=&quot;card-footer&quot;
  &gt;
    Some description about the angular
  &lt;/div&gt;
&lt;/div&gt;

Ignored nodes: comments, script, style
&lt;div
  class=&quot;card my-3&quot;
  role=&quot;cards&quot;
&gt;
  &lt;div
    class=&quot;card-header&quot;
  &gt;
    Vue
  &lt;/div&gt;
  &lt;div
    class=&quot;card-body&quot;
  &gt;
    &lt;ul
      class=&quot;list-group&quot;
    &gt;
      &lt;li
        class=&quot;list-group-item&quot;
      &gt;
        Introduction
      &lt;/li&gt;
      &lt;li
        class=&quot;list-group-item&quot;
      &gt;
        Javascript
      &lt;/li&gt;
      &lt;li
        class=&quot;list-group-item&quot;
      &gt;
        Why vue?
      &lt;/li&gt;
      &lt;li
        class=&quot;list-group-item&quot;
      &gt;
        Vue Bindings
      &lt;/li&gt;
      &lt;li
        class=&quot;list-group-item&quot;
      &gt;
        Component Interaction
      &lt;/li&gt;
    &lt;/ul&gt;
  &lt;/div&gt;
  &lt;div
    class=&quot;card-footer&quot;
  &gt;
    Some description about the vue
  &lt;/div&gt;
&lt;/div&gt;

(If this is intentional, then use the `*AllBy*` variant of the query (like `queryAllByText`, `getAllByText`, or `findAllByText`)).

Ignored nodes: comments, script, style
&lt;body&gt;
  &lt;div&gt;
    &lt;div&gt;
      &lt;h1
        class=&quot;mx-5 mb-5&quot;
      &gt;
        Agenda Manager
      &lt;/h1&gt;
      &lt;div
        class=&quot;container&quot;
        role=&quot;viewAgenda&quot;
      &gt;
        &lt;button
          class=&quot;btn btn-info&quot;
          role=&quot;goToAdd&quot;
        &gt;
          Click to Add Agenda
        &lt;/button&gt;
        &lt;div
          class=&quot;card my-3&quot;
          role=&quot;cards&quot;
        &gt;
          &lt;div
            class=&quot;card-header&quot;
          &gt;
            Angular
          &lt;/div&gt;
          &lt;div
            class=&quot;card-body&quot;
          &gt;
            &lt;ul
              class=&quot;list-group&quot;
            &gt;
              &lt;li
                class=&quot;list-group-item&quot;
              &gt;
                Introduction
              &lt;/li&gt;
              &lt;li
                class=&quot;list-group-item&quot;
              &gt;
                Typescript
              &lt;/li&gt;
              &lt;li
                class=&quot;list-group-item&quot;
              &gt;
                Why Angular?
              &lt;/li&gt;
              &lt;li
                class=&quot;list-group-item&quot;
              &gt;
                Understanding Versions
              &lt;/li&gt;
              &lt;li
                class=&quot;list-group-item&quot;
              &gt;
                Fundmentals
              &lt;/li&gt;
            &lt;/ul&gt;
          &lt;/div&gt;
          &lt;div
            class=&quot;card-footer&quot;
          &gt;
            Some description about the angular
          &lt;/div&gt;
        &lt;/div&gt;
        &lt;div
          class=&quot;card my-3&quot;
          role=&quot;cards&quot;
        &gt;
          &lt;div
            class=&quot;card-header&quot;
          &gt;
            Vue
          &lt;/div&gt;
          &lt;div
            class=&quot;card-body&quot;
          &gt;
            &lt;ul
              class=&quot;list-group&quot;
            &gt;
              &lt;li
                class=&quot;list-group-item&quot;
              &gt;
                Introduction
              &lt;/li&gt;
              &lt;li
                class=&quot;list-group-item&quot;
              &gt;
                Javascript
              &lt;/li&gt;
              &lt;li
                class=&quot;list-group-item&quot;
              &gt;
                Why vue?
              &lt;/li&gt;
              &lt;li
                class=&quot;list-group-item&quot;
              &gt;
                Vue Bindings
              &lt;/li&gt;
              &lt;li
                class=&quot;list-group-item&quot;
              &gt;
                Component Interaction
              &lt;/li&gt;
            &lt;/ul&gt;
          &lt;/div&gt;
          &lt;div
            class=&quot;card-footer&quot;
          &gt;
            Some description about the vue
          &lt;/div&gt;
        &lt;/div&gt;
      &lt;/div&gt;
    &lt;/div&gt;
  &lt;/div&gt;
&lt;/body&gt;
    at Object.getElementError (/home/sarava338/sarava-338/agenda-maker/node_modules/@testing-library/dom/dist/config.js:37:19)
    at getElementError (/home/sarava338/sarava-338/agenda-maker/node_modules/@testing-library/dom/dist/query-helpers.js:20:35)
    at getMultipleElementsFoundError (/home/sarava338/sarava-338/agenda-maker/node_modules/@testing-library/dom/dist/query-helpers.js:23:10)
    at /home/sarava338/sarava-338/agenda-maker/node_modules/@testing-library/dom/dist/query-helpers.js:55:13
    at queryByRole (/home/sarava338/sarava-338/agenda-maker/node_modules/@testing-library/dom/dist/query-helpers.js:95:19)
    at Object.&lt;anonymous&gt; (/home/sarava338/sarava-338/agenda-maker/src/test/App.test.jsx:233:23)
    at runNextTicks (node:internal/process/task_queues:60:5)
    at listOnTimeout (node:internal/timers:533:9)
    at processTimers (node:internal/timers:507:7)</failure>
    </testcase>
  </testsuite>
</testsuites>